     1 00000000                                 [FORMAT "WCOFF"]
     2 00000000                                 [INSTRSET "i486p"]
     3 00000000                                 [OPTIMIZE 1]
     4 00000000                                 [OPTION 1]
     5 00000000                                 [BITS 32]
     6 00000000                                 	EXTERN	_io_hlt
     7 00000000                                 [FILE "bootpack.c"]
     8                                          [SECTION .text]
     9 00000000                                 	GLOBAL	_HariMain
    10 00000000                                 _HariMain:
    11 00000000 55                              	PUSH	EBP
    12 00000001 31 C0                           	XOR	EAX,EAX
    13 00000003 89 E5                           	MOV	EBP,ESP
    14 00000005                                 L6:
    15 00000005 C6 80 000A0000 0F               	MOV	BYTE [655360+EAX],15
    16 0000000C 40                              	INC	EAX
    17 0000000D 3D 0000FFFF                     	CMP	EAX,65535
    18 00000012 7E F1                           	JLE	L6
    19 00000014                                 L7:
    20 00000014 E8 [00000000]                   	CALL	_io_hlt
    21 00000019 EB F9                           	JMP	L7
